[convert] classicNoisedeck/bitEffects -> Effects/classicNoisedeck/bitEffects.json
[convert] classicNoisedeck/caustic -> Effects/classicNoisedeck/caustic.json
[convert] classicNoisedeck/cellNoise -> Effects/classicNoisedeck/cellNoise.json
[convert] classicNoisedeck/cellRefract -> Effects/classicNoisedeck/cellRefract.json
[convert] classicNoisedeck/coalesce -> Effects/classicNoisedeck/coalesce.json
[convert] classicNoisedeck/colorLab -> Effects/classicNoisedeck/colorLab.json
[convert] classicNoisedeck/composite -> Effects/classicNoisedeck/composite.json
[convert] classicNoisedeck/effects -> Effects/classicNoisedeck/effects.json
[convert] classicNoisedeck/fractal -> Effects/classicNoisedeck/fractal.json
[convert] classicNoisedeck/glitch -> Effects/classicNoisedeck/glitch.json
[convert] classicNoisedeck/kaleido -> Effects/classicNoisedeck/kaleido.json
[convert] classicNoisedeck/lensDistortion -> Effects/classicNoisedeck/lensDistortion.json
[convert] classicNoisedeck/moodscape -> Effects/classicNoisedeck/moodscape.json
[convert] classicNoisedeck/noise -> Effects/classicNoisedeck/noise.json
[convert] classicNoisedeck/noise3d -> Effects/classicNoisedeck/noise3d.json
[convert] classicNoisedeck/refract -> Effects/classicNoisedeck/refract.json
[convert] classicNoisedeck/shapeMixer -> Effects/classicNoisedeck/shapeMixer.json
[convert] classicNoisedeck/shapes -> Effects/classicNoisedeck/shapes.json
[convert] classicNoisedeck/shapes3d -> Effects/classicNoisedeck/shapes3d.json
[convert] classicNoisedeck/splat -> Effects/classicNoisedeck/splat.json
[convert] filter/adjust -> Effects/filter/adjust.json
[convert] filter/bloom -> Effects/filter/bloom.json
[convert] filter/blur -> Effects/filter/blur.json
[convert] filter/bulge -> Effects/filter/bulge.json
[convert] filter/celShading -> Effects/filter/celShading.json
[convert] filter/channel -> Effects/filter/channel.json
[convert] filter/chroma -> Effects/filter/chroma.json
[convert] filter/chromaticAberration -> Effects/filter/chromaticAberration.json
[convert] filter/chrome -> Effects/filter/chrome.json
[convert] filter/clouds -> Effects/filter/clouds.json
[convert] filter/colorReplace -> Effects/filter/colorReplace.json
[convert] filter/convolutionFeedback -> Effects/filter/convolutionFeedback.json
[convert] filter/corrupt -> Effects/filter/corrupt.json
[convert] filter/craquelure -> Effects/filter/craquelure.json
[convert] filter/crt -> Effects/filter/crt.json
[convert] filter/degauss -> Effects/filter/degauss.json
[convert] filter/deriv -> Effects/filter/deriv.json
[convert] filter/directionalBlur -> Effects/filter/directionalBlur.json
[convert] filter/dither -> Effects/filter/dither.json
[convert] filter/edge -> Effects/filter/edge.json
[convert] filter/emboss -> Effects/filter/emboss.json
[convert] filter/extrude -> Effects/filter/extrude.json
[convert] filter/feedback -> Effects/filter/feedback.json
[convert] filter/fibers -> Effects/filter/fibers.json
[convert] filter/flipMirror -> Effects/filter/flipMirror.json
[convert] filter/fxaa -> Effects/filter/fxaa.json
[convert] filter/glowingEdge -> Effects/filter/glowingEdge.json
[convert] filter/glyphMap -> Effects/filter/glyphMap.json
[convert] filter/grade -> Effects/filter/grade.json
[convert] filter/grain -> Effects/filter/grain.json
[convert] filter/grime -> Effects/filter/grime.json
[convert] filter/halftone -> Effects/filter/halftone.json
[convert] filter/hatch -> Effects/filter/hatch.json
[convert] filter/highPass -> Effects/filter/highPass.json
[convert] filter/historicPalette -> Effects/filter/historicPalette.json
[convert] filter/invert -> Effects/filter/invert.json
[convert] filter/lens -> Effects/filter/lens.json
[convert] filter/lensFlare -> Effects/filter/lensFlare.json
[convert] filter/lensWarp -> Effects/filter/lensWarp.json
[convert] filter/lightLeak -> Effects/filter/lightLeak.json
[convert] filter/lighting -> Effects/filter/lighting.json
[convert] filter/lowPoly -> Effects/filter/lowPoly.json
[convert] filter/median -> Effects/filter/median.json
[convert] filter/morphology -> Effects/filter/morphology.json
[convert] filter/mosaicTiles -> Effects/filter/mosaicTiles.json
[convert] filter/motionBlur -> Effects/filter/motionBlur.json
[convert] filter/normalMap -> Effects/filter/normalMap.json
[convert] filter/normalize -> Effects/filter/normalize.json
[convert] filter/octaveWarp -> Effects/filter/octaveWarp.json
[convert] filter/oilPaint -> Effects/filter/oilPaint.json
[convert] filter/osd -> Effects/filter/osd.json
[convert] filter/outline -> Effects/filter/outline.json
[convert] filter/palette -> Effects/filter/palette.json
[convert] filter/parallax -> Effects/filter/parallax.json
[convert] filter/patchwork -> Effects/filter/patchwork.json
[convert] filter/photocopy -> Effects/filter/photocopy.json
[convert] filter/pinch -> Effects/filter/pinch.json
[convert] filter/pixelSort -> Effects/filter/pixelSort.json
[convert] filter/pixels -> Effects/filter/pixels.json
[convert] filter/plasticWrap -> Effects/filter/plasticWrap.json
[convert] filter/polar -> Effects/filter/polar.json
[convert] filter/pondRipples -> Effects/filter/pondRipples.json
[convert] filter/posterize -> Effects/filter/posterize.json
[convert] filter/prismaticAberration -> Effects/filter/prismaticAberration.json
[convert] filter/reindex -> Effects/filter/reindex.json
[convert] filter/relief -> Effects/filter/relief.json
[convert] filter/repeat -> Effects/filter/repeat.json
[convert] filter/reverb -> Effects/filter/reverb.json
[convert] filter/ridge -> Effects/filter/ridge.json
[convert] filter/rotate -> Effects/filter/rotate.json
[convert] filter/scale -> Effects/filter/scale.json
[convert] filter/scanlineError -> Effects/filter/scanlineError.json
[convert] filter/scatter -> Effects/filter/scatter.json
[convert] filter/scratches -> Effects/filter/scratches.json
[convert] filter/scroll -> Effects/filter/scroll.json
[convert] filter/seamless -> Effects/filter/seamless.json
[convert] filter/sharpen -> Effects/filter/sharpen.json
[convert] filter/simpleAberration -> Effects/filter/simpleAberration.json
[convert] filter/sine -> Effects/filter/sine.json
[convert] filter/skew -> Effects/filter/skew.json
[convert] filter/smooth -> Effects/filter/smooth.json
[convert] filter/smoothstep -> Effects/filter/smoothstep.json
[convert] filter/snow -> Effects/filter/snow.json
[convert] filter/sobel -> Effects/filter/sobel.json
[convert] filter/spatter -> Effects/filter/spatter.json
[convert] filter/spinBlur -> Effects/filter/spinBlur.json
[convert] filter/spiral -> Effects/filter/spiral.json
[convert] filter/spookyTicker -> Effects/filter/spookyTicker.json
[convert] filter/stamp -> Effects/filter/stamp.json
[convert] filter/step -> Effects/filter/step.json
[convert] filter/stipple -> Effects/filter/stipple.json
[convert] filter/strayHair -> Effects/filter/strayHair.json
[convert] filter/strokes -> Effects/filter/strokes.json
[convert] filter/temporalAberration -> Effects/filter/temporalAberration.json
[convert] filter/tetraColorArray -> Effects/filter/tetraColorArray.json
[convert] filter/tetraCosine -> Effects/filter/tetraCosine.json
[convert] filter/text -> Effects/filter/text.json
[convert] filter/texture -> Effects/filter/texture.json
[convert] filter/threshold -> Effects/filter/threshold.json
[convert] filter/tile -> Effects/filter/tile.json
[convert] filter/tint -> Effects/filter/tint.json
[convert] filter/translate -> Effects/filter/translate.json
[convert] filter/tunnel -> Effects/filter/tunnel.json
[convert] filter/unsharpMask -> Effects/filter/unsharpMask.json
[convert] filter/vaseline -> Effects/filter/vaseline.json
[convert] filter/vignette -> Effects/filter/vignette.json
[convert] filter/warp -> Effects/filter/warp.json
[convert] filter/watercolor -> Effects/filter/watercolor.json
[convert] filter/waves -> Effects/filter/waves.json
[convert] filter/wind -> Effects/filter/wind.json
[convert] filter/wobble -> Effects/filter/wobble.json
[convert] filter/wormhole -> Effects/filter/wormhole.json
[convert] filter/zoomBlur -> Effects/filter/zoomBlur.json
[convert] filter3d/flow3d -> Effects/filter3d/flow3d.json
[convert] filter3d/palette3d -> Effects/filter3d/palette3d.json
[convert] mixer/alphaMask -> Effects/mixer/alphaMask.json
[convert] mixer/applyMode -> Effects/mixer/applyMode.json
[convert] mixer/blendMode -> Effects/mixer/blendMode.json
[convert] mixer/cellSplit -> Effects/mixer/cellSplit.json
[convert] mixer/centerMask -> Effects/mixer/centerMask.json
[convert] mixer/channelCombine -> Effects/mixer/channelCombine.json
[convert] mixer/distortion -> Effects/mixer/distortion.json
[convert] mixer/focusBlur -> Effects/mixer/focusBlur.json
[convert] mixer/mashup -> Effects/mixer/mashup.json
[convert] mixer/patternMix -> Effects/mixer/patternMix.json
[convert] mixer/shadow -> Effects/mixer/shadow.json
[convert] mixer/shapeMask -> Effects/mixer/shapeMask.json
[convert] mixer/split -> Effects/mixer/split.json
[convert] mixer/thresholdMix -> Effects/mixer/thresholdMix.json
[convert] mixer/uvRemap -> Effects/mixer/uvRemap.json
[convert] points/attractor -> Effects/points/attractor.json
[convert] points/buddhabrot -> Effects/points/buddhabrot.json
[convert] points/dla -> Effects/points/dla.json
[convert] points/flock -> Effects/points/flock.json
[convert] points/flow -> Effects/points/flow.json
[convert] points/heightGrid -> Effects/points/heightGrid.json
[convert] points/hydraulic -> Effects/points/hydraulic.json
[convert] points/lenia -> Effects/points/lenia.json
[convert] points/life -> Effects/points/life.json
[convert] points/physarum -> Effects/points/physarum.json
[convert] points/physical -> Effects/points/physical.json
[convert] render/loopBegin -> Effects/render/loopBegin.json
[convert] render/loopEnd -> Effects/render/loopEnd.json
[convert] render/meshLoader -> Effects/render/meshLoader.json
[convert] render/meshRender -> Effects/render/meshRender.json
[convert] render/pointsBillboardRender -> Effects/render/pointsBillboardRender.json
[convert] render/pointsEmit -> Effects/render/pointsEmit.json
[convert] render/pointsRender -> Effects/render/pointsRender.json
[convert] render/render3d -> Effects/render/render3d.json
[convert] render/renderCubemap3d -> Effects/render/renderCubemap3d.json
[convert] render/renderCubemapSurface -> Effects/render/renderCubemapSurface.json
[convert] render/renderLandscape3d -> Effects/render/renderLandscape3d.json
[convert] render/renderLit3d -> Effects/render/renderLit3d.json
[convert] synth/bitwise -> Effects/synth/bitwise.json
[convert] synth/cell -> Effects/synth/cell.json
[convert] synth/cellularAutomata -> Effects/synth/cellularAutomata.json
[convert] synth/curl -> Effects/synth/curl.json
[convert] synth/gabor -> Effects/synth/gabor.json
[convert] synth/gradient -> Effects/synth/gradient.json
[convert] synth/julia -> Effects/synth/julia.json
[convert] synth/mandala -> Effects/synth/mandala.json
[convert] synth/mandelbrot -> Effects/synth/mandelbrot.json
[convert] synth/media -> Effects/synth/media.json
[convert] synth/mnca -> Effects/synth/mnca.json
[convert] synth/modPattern -> Effects/synth/modPattern.json
[convert] synth/navierStokes -> Effects/synth/navierStokes.json
[convert] synth/newton -> Effects/synth/newton.json
[convert] synth/noise -> Effects/synth/noise.json
[convert] synth/osc2d -> Effects/synth/osc2d.json
[convert] synth/pattern -> Effects/synth/pattern.json
[convert] synth/perlin -> Effects/synth/perlin.json
[convert] synth/polygon -> Effects/synth/polygon.json
[convert] synth/reactionDiffusion -> Effects/synth/reactionDiffusion.json
[convert] synth/remap -> Effects/synth/remap.json
[convert] synth/roll -> Effects/synth/roll.json
[convert] synth/sacredGeometry -> Effects/synth/sacredGeometry.json
[convert] synth/scope -> Effects/synth/scope.json
[convert] synth/shape -> Effects/synth/shape.json
[convert] synth/solid -> Effects/synth/solid.json
[convert] synth/spectrum -> Effects/synth/spectrum.json
[convert] synth/subdivide -> Effects/synth/subdivide.json
[convert] synth/testPattern -> Effects/synth/testPattern.json
[convert] synth3d/cell3d -> Effects/synth3d/cell3d.json
[convert] synth3d/cellularAutomata3d -> Effects/synth3d/cellularAutomata3d.json
[convert] synth3d/flythrough3d -> Effects/synth3d/flythrough3d.json
[convert] synth3d/fractal3d -> Effects/synth3d/fractal3d.json
[convert] synth3d/heightmap3d -> Effects/synth3d/heightmap3d.json
[convert] synth3d/noise3d -> Effects/synth3d/noise3d.json
[convert] synth3d/reactionDiffusion3d -> Effects/synth3d/reactionDiffusion3d.json
[convert] synth3d/shape3d -> Effects/synth3d/shape3d.json

[convert] wrote 210 effect(s), 0 failed.
