OK adjust
OK alphaMask
OK applyMode
OK bitwise
OK blendMode
OK bloom
OK blur
OK bulge
OK celShading
OK cell
OK cellNoise
OK cellRefract
OK cellSplit
OK centerMask
OK channel
OK channelCombine
OK chroma
OK chromaticAberration
OK chrome
OK clouds
OK cnd_bitEffects
OK cnd_caustic
OK cnd_fractal
OK cnd_moodscape
OK cnd_noise
OK cnd_noise3d
OK cnd_shapes
OK coalesce
OK colorLab
OK colorReplace
OK composite
OK corrupt
OK craquelure
OK crt
OK curl
OK degauss
OK deriv
OK directionalBlur
OK directionalBlur_angled
OK distortion
OK dither
OK dither_type_bayer2x2
OK dither_type_bayer4x4
OK dither_type_bayer8x8
OK dither_type_crosshatch
OK dither_type_dot
OK dither_type_errorDiffusion
OK dither_type_line
OK dither_type_noise
OK edge
OK edge_kernel_bold
OK edge_kernel_contour
OK edge_kernel_fine
OK effects
OK emboss
OK emboss_style_color
OK emboss_style_gray
OK extrude
OK extrude_depthSource_luminance
OK extrude_depthSource_random
OK extrude_type_blocks
OK extrude_type_pyramids
OK extrude_type_pyramids_depthSource_random
OK feedback
OK fibers
OK flipMirror
OK focusBlur
OK fxaa
OK gabor
OK glitch
OK glowingEdge
OK glyphMap
OK grade
OK gradient
OK grain
OK grime
OK halftone
OK halftone_mode_color
OK halftone_mode_mono
OK halftone_pattern_circle
OK halftone_pattern_dot
OK halftone_pattern_line
OK hatch
OK hatch_coloredPencil_leftDiag
OK hatch_direction_horizontal
OK hatch_direction_leftDiag
OK hatch_direction_rightDiag
OK hatch_direction_vertical
OK hatch_mode_chalkCharcoal
OK hatch_mode_charcoal
OK hatch_mode_coloredPencil
OK hatch_mode_conte
OK hatch_mode_crosshatch
OK hatch_mode_pen
OK highPass
OK historicPalette
OK invert
OK invert_mode_full
OK invert_mode_solarize
OK julia
OK kaleido
OK lens
OK lensDistortion
OK lensFlare
OK lensFlare_lensType_moviePrime
OK lensFlare_lensType_prime105
OK lensFlare_lensType_prime35
OK lensFlare_lensType_zoom50_300
OK lensWarp
OK lightLeak
OK lighting
OK lowPoly
OK lowPoly_borderWidth_50
OK lowPoly_lightIntensity_50
OK lowPoly_mode_distance2
OK lowPoly_mode_distance3
OK lowPoly_mode_edges
OK lowPoly_mode_flat
OK mandala
OK mandelbrot
OK median
OK median_radius_1
OK median_radius_2
OK modPattern
OK morphology
OK morphology_mode_dilate
OK morphology_mode_erode
OK morphology_mode_erode_shape_round
OK morphology_shape_round
OK morphology_shape_square
OK mosaicTiles
OK mosaicTiles_mode_mosaic
OK mosaicTiles_mode_shifted
OK newton
OK noise
OK noise3d
OK normalMap
OK normalize
OK octaveWarp
OK oilPaint
OK oilPaint_mode_daubs
OK oilPaint_mode_dryBrush
OK oilPaint_mode_facet
OK oilPaint_mode_fresco
OK oilPaint_mode_knife
OK oilPaint_mode_sponge
OK osc2d
OK osd
OK outline
OK palette
OK parallax
OK patchwork
OK pattern
OK patternMix
OK perlin
OK photocopy
OK pinch
OK pixelSort
OK pixels
OK plasticWrap
OK plasticWrap_directed
OK polar
OK polygon
OK pondRipples
OK pondRipples_amount_100
OK pondRipples_speed_3
OK pondRipples_speed_neg5
OK pondRipples_style_aroundCenter
OK pondRipples_style_outFromCenter
OK pondRipples_style_pondRipples
OK pondRipples_wrap_clamp
OK pondRipples_wrap_mirror
OK pondRipples_wrap_repeat
OK posterize
OK prismaticAberration
OK refract
OK reindex
OK relief
OK relief_mode_basRelief
OK relief_mode_notePaper
OK relief_mode_plaster
OK remap
OK remap_zone
OK repeat
OK reverb
OK ridge
OK rotate
OK sacredGeometry
OK scale
OK scanlineError
OK scatter
OK scatter_mode_anisotropic
OK scatter_mode_clumped
OK scatter_mode_darkenOnly
OK scatter_mode_lightenOnly
OK scatter_mode_normal
OK scratches
OK scroll
OK seamless
OK shadow
OK shape
OK shapeMask
OK shapeMixer
OK shapes3d
OK sharpen
OK simpleAberration
OK sine
OK skew
OK smooth
OK smoothstep
OK snow
OK sobel
OK solid
OK spatter
OK spinBlur
OK spinBlur_offCenter
OK spiral
OK splat
OK split
OK spookyTicker
OK stamp
OK step
OK stipple
OK stipple_mode_mezzoDots
OK stipple_mode_mezzoLines
OK stipple_mode_mezzoStrokes
OK stipple_mode_pointillize
OK stipple_mode_reticulation
OK strayHair
OK strokes
OK strokes_mode_angled
OK strokes_mode_dark
OK strokes_mode_smudge
OK strokes_mode_sprayed
OK strokes_mode_sumiE
OK subdivide
OK testPattern
OK tetraColorArray
OK tetraCosine
OK texture
OK texture_mode_canvas
OK texture_mode_clumped
OK texture_mode_contrasty
OK texture_mode_crosshatch
OK texture_mode_enlarged
OK texture_mode_halftone
OK texture_mode_horizontal
OK texture_mode_paper
OK texture_mode_regular
OK texture_mode_soft
OK texture_mode_speckle
OK texture_mode_sprinkles
OK texture_mode_stippled
OK texture_mode_stucco
OK texture_mode_vertical
OK threshold
OK thresholdMix
OK tile
OK tint
OK translate
OK tunnel
OK unsharpMask
OK uvRemap
OK vaseline
OK vignette
OK warp
OK watercolor
OK waves
OK wind
OK wind_method_blast
OK wind_method_blast_direction_fromRight
OK wind_method_stagger
OK wind_method_stagger_direction_fromRight
OK wind_method_wind
OK wind_method_wind_direction_fromRight
OK wobble
OK zoomBlur
[batch-golden] 277 ok, 0 fail
=== classified 301 in-repo programs (goldens from NM_REFERENCE_ROOT) ===
RENDER (277):
  adjust alphaMask applyMode bitwise blendMode bloom blur bulge celShading cell cellNoise cellRefract cellSplit centerMask channel channelCombine chroma chromaticAberration chrome clouds cnd_bitEffects cnd_caustic cnd_fractal cnd_moodscape cnd_noise cnd_noise3d cnd_shapes coalesce colorLab colorReplace composite corrupt craquelure crt curl degauss deriv directionalBlur directionalBlur_angled distortion dither dither_type_bayer2x2 dither_type_bayer4x4 dither_type_bayer8x8 dither_type_crosshatch dither_type_dot dither_type_errorDiffusion dither_type_line dither_type_noise edge edge_kernel_bold edge_kernel_contour edge_kernel_fine effects emboss emboss_style_color emboss_style_gray extrude extrude_depthSource_luminance extrude_depthSource_random extrude_type_blocks extrude_type_pyramids extrude_type_pyramids_depthSource_random feedback fibers flipMirror focusBlur fxaa gabor glitch glowingEdge glyphMap grade gradient grain grime halftone halftone_mode_color halftone_mode_mono halftone_pattern_circle halftone_pattern_dot halftone_pattern_line hatch hatch_coloredPencil_leftDiag hatch_direction_horizontal hatch_direction_leftDiag hatch_direction_rightDiag hatch_direction_vertical hatch_mode_chalkCharcoal hatch_mode_charcoal hatch_mode_coloredPencil hatch_mode_conte hatch_mode_crosshatch hatch_mode_pen highPass historicPalette invert invert_mode_full invert_mode_solarize julia kaleido lens lensDistortion lensFlare lensFlare_lensType_moviePrime lensFlare_lensType_prime105 lensFlare_lensType_prime35 lensFlare_lensType_zoom50_300 lensWarp lightLeak lighting lowPoly lowPoly_borderWidth_50 lowPoly_lightIntensity_50 lowPoly_mode_distance2 lowPoly_mode_distance3 lowPoly_mode_edges lowPoly_mode_flat mandala mandelbrot median median_radius_1 median_radius_2 modPattern morphology morphology_mode_dilate morphology_mode_erode morphology_mode_erode_shape_round morphology_shape_round morphology_shape_square mosaicTiles mosaicTiles_mode_mosaic mosaicTiles_mode_shifted newton noise noise3d normalMap normalize octaveWarp oilPaint oilPaint_mode_daubs oilPaint_mode_dryBrush oilPaint_mode_facet oilPaint_mode_fresco oilPaint_mode_knife oilPaint_mode_sponge osc2d osd outline palette parallax patchwork pattern patternMix perlin photocopy pinch pixelSort pixels plasticWrap plasticWrap_directed polar polygon pondRipples pondRipples_amount_100 pondRipples_speed_3 pondRipples_speed_neg5 pondRipples_style_aroundCenter pondRipples_style_outFromCenter pondRipples_style_pondRipples pondRipples_wrap_clamp pondRipples_wrap_mirror pondRipples_wrap_repeat posterize prismaticAberration refract reindex relief relief_mode_basRelief relief_mode_notePaper relief_mode_plaster remap remap_zone repeat reverb ridge rotate sacredGeometry scale scanlineError scatter scatter_mode_anisotropic scatter_mode_clumped scatter_mode_darkenOnly scatter_mode_lightenOnly scatter_mode_normal scratches scroll seamless shadow shape shapeMask shapeMixer shapes3d sharpen simpleAberration sine skew smooth smoothstep snow sobel solid spatter spinBlur spinBlur_offCenter spiral splat split spookyTicker stamp step stipple stipple_mode_mezzoDots stipple_mode_mezzoLines stipple_mode_mezzoStrokes stipple_mode_pointillize stipple_mode_reticulation strayHair strokes strokes_mode_angled strokes_mode_dark strokes_mode_smudge strokes_mode_sprayed strokes_mode_sumiE subdivide testPattern tetraColorArray tetraCosine texture texture_mode_canvas texture_mode_clumped texture_mode_contrasty texture_mode_crosshatch texture_mode_enlarged texture_mode_halftone texture_mode_horizontal texture_mode_paper texture_mode_regular texture_mode_soft texture_mode_speckle texture_mode_sprinkles texture_mode_stippled texture_mode_stucco texture_mode_vertical threshold thresholdMix tile tint translate tunnel unsharpMask uvRemap vaseline vignette warp watercolor waves wind wind_method_blast wind_method_blast_direction_fromRight wind_method_stagger wind_method_stagger_direction_fromRight wind_method_wind wind_method_wind_direction_fromRight wobble zoomBlur
ACCUM  (6):  cellularAutomata convolutionFeedback motionBlur reactionDiffusion synth3d_cellularAutomata3d synth3d_reactionDiffusion3d   (-> parity/accumulate.sh)
DEFER  (18):
  _vs32probe             MRT/3D: render/render3d/render3d, synth3d/shape3d/precompute
  buddhabrot             missing frag: render/pointsRender/deposit; MRT/3D: points/buddhabrot/agent, render/pointsEmit/init
  filter3d_flow3d        missing frag: filter3d/flow3d/deposit; MRT/3D: filter3d/flow3d/agent, render/render3d/render3d, synth3d/noise3d/precompute
  filter3d_palette3d     MRT/3D: render/render3d/render3d, synth3d/noise3d/precompute
  heightGrid_billboard   missing frag: render/pointsBillboardRender/deposit; MRT/3D: points/heightGrid/agent, render/pointsEmit/init
  heightGrid_billboard_alpha missing frag: render/pointsBillboardRender/deposit; MRT/3D: points/heightGrid/agent, render/pointsEmit/init
  heightGrid_pointsRender_perspective missing frag: render/pointsRender/deposit; MRT/3D: points/heightGrid/agent, render/pointsEmit/init
  heightmap3d_landscape  MRT/3D: render/renderLandscape3d/landscape, synth3d/heightmap3d/precompute
  physical               missing frag: render/pointsRender/deposit; MRT/3D: points/physical/agent, render/pointsEmit/init
  present_hero           missing frag: render/pointsBillboardRender/deposit, render/pointsRender/deposit; MRT/3D: points/flow/agent, render/pointsEmit/init
  synth3d_cell3d         MRT/3D: render/render3d/render3d, synth3d/cell3d/precompute
  synth3d_flythrough3d   MRT/3D: render/render3d/render3d, synth3d/flythrough3d/precompute
  synth3d_fractal3d      MRT/3D: render/render3d/render3d, synth3d/fractal3d/precompute
  synth3d_noise          MRT/3D: render/render3d/render3d, synth3d/noise3d/precompute
  synth3d_renderCubemap3d MRT/3D: render/renderCubemap3d/renderCubemap3d, synth3d/noise3d/precompute
  synth3d_renderCubemapSurface MRT/3D: render/renderCubemapSurface/renderCubemapSurface, synth3d/noise3d/precompute
  synth3d_renderLit3d    MRT/3D: render/renderLit3d/renderLit3d, synth3d/noise3d/precompute
  synth3d_shape3d        MRT/3D: render/render3d/render3d, synth3d/shape3d/precompute
[noisemaker] S002: Argument out of range for 'color' in solid()
